> Task :app:preBuild UP-TO-DATE
> Task :app:preDebugBuild UP-TO-DATE
> Task :app:generateDebugResources UP-TO-DATE
> Task :app:packageDebugResources UP-TO-DATE
> Task :app:processDebugNavigationResources UP-TO-DATE
> Task :app:parseDebugLocalResources UP-TO-DATE
> Task :app:generateDebugRFile UP-TO-DATE

> Task :app:compileDebugKotlin FAILED
e: file:///C:/Users/HP/StudioProjects/MyApplication/app/src/main/java/com/example/myapplication/ui/screens/AIInsightsScreen.kt:256:127 Unresolved reference 'Nightlight'.
e: file:///C:/Users/HP/StudioProjects/MyApplication/app/src/main/java/com/example/myapplication/ui/screens/ProfileScreen.kt:157:44 Unresolved reference 'PERSONAL_INFO'.
e: file:///C:/Users/HP/StudioProjects/MyApplication/app/src/main/java/com/example/myapplication/ui/screens/ProfileScreen.kt:160:44 Unresolved reference 'NOTIFICATIONS'.
e: file:///C:/Users/HP/StudioProjects/MyApplication/app/src/main/java/com/example/myapplication/ui/screens/ProfileScreen.kt:163:44 Unresolved reference 'DEVICE_PREFS'.

FAILURE: Build failed with an exception.

* What went wrong:
Execution failed for task ':app:compileDebugKotlin'.
> A failure occurred while executing org.jetbrains.kotlin.compilerRunner.GradleCompilerRunnerWithWorkers$GradleKotlinCompilerWorkAction
   > Compilation error. See log for more details

* Try:
> Run with --stacktrace option to get the stack trace.
> Run with --info or --debug option to get more log output.
> Run with --scan to generate a Build Scan (powered by Develocity).
> Get more help at https://help.gradle.org.

BUILD FAILED in 9s
6 actionable tasks: 1 executed, 5 up-to-date
